// Jest Snapshot v1, https://goo.gl/fbAQLP

exports[`matches snapshot 1`] = `
<div
  className="Home"
>
  <div
    className="Home-header"
  >
    <img
      alt="logo"
      className="Home-logo"
      src="logo.svg"
    />
    <h2>
      mattbutler.io
    </h2>
  </div>
</div>
`;
